../Core/Src/main.c:73:5:main	16	static
../Core/Src/main.c:242:6:SystemClock_Config	88	static
../Core/Src/main.c:284:13:MX_CAN1_Init	8	static
../Core/Src/main.c:321:13:MX_CAN2_Init	8	static
../Core/Src/main.c:358:13:MX_USART3_UART_Init	8	static
../Core/Src/main.c:377:13:MX_GPIO_Init	48	static
../Core/Src/main.c:419:6:MX_CAN1_Setup	16	static
../Core/Src/main.c:443:6:MX_CAN2_Setup	16	static
../Core/Src/main.c:467:6:USART3_SendString	16	static
../Core/Src/main.c:478:6:PrintCANLog	40	static
../Core/Src/main.c:509:6:HAL_UART_RxCpltCallback	16	static
../Core/Src/main.c:516:6:delay	16	static
../Core/Src/main.c:521:9:calc_SAE_J1850	24	static
../Core/Src/main.c:553:6:CAN1_TX	32	static
../Core/Src/main.c:573:6:CAN2_TX	24	static
../Core/Src/main.c:602:6:HAL_CAN_RxFifo0MsgPendingCallback	16	static
../Core/Src/main.c:625:6:HAL_GPIO_EXTI_Callback	16	static
../Core/Src/main.c:633:6:ButtonHandler	16	static
../Core/Src/main.c:809:6:Error_Handler	8	static,ignoring_inline_asm
